// Jest Snapshot v1, https://goo.gl/fbAQLP

exports[`Journal renders correctly 1`] = `
.c0 img {
  object-fit: contain;
  max-width: 100%;
}

<article
  className="c0"
>
  <h1>
    Example Journal
  </h1>
  <img
    alt="Example Journal"
    src="https://via.placeholder.com/640x480.png/535353/eeeeee?text=Example%20Journal"
  />
  <p>
    Lorem ipsum a et louve.
  </p>
  <footer>
    <p>
      Quests Completed: (
      0
      /
      0
      )
    </p>
  </footer>
</article>
`;
