// Jest Snapshot v1, https://goo.gl/fbAQLP

exports[`Header renders correctly 1`] = `
.c1 {
  font-size: 1.5em;
}

.c1 a,
.c1 button {
  background-color: transparent;
  border: none;
  display: block;
  font-family: inherit;
  font-size: inherit;
  line-height: inherit;
  padding: 0.25em 0.5em;
  -webkit-text-decoration: none;
  text-decoration: none;
}

.c1 .menu-button {
  cursor: pointer;
  display: -webkit-box;
  display: -webkit-flex;
  display: -ms-flexbox;
  display: flex;
  -webkit-align-items: center;
  -webkit-box-align: center;
  -ms-flex-align: center;
  align-items: center;
  text-align: left;
  width: 100%;
}

.c1 .menu {
  -webkit-transition: all 0.3s ease-out;
  transition: all 0.3s ease-out;
  max-height: 0;
  overflow: hidden;
}

.c1 .menu.active {
  max-height: 25em;
}

.c1 .menu ul {
  border-top: 1px solid #353535;
  list-style: none;
  margin: 0;
  padding: 0;
}

.c1 .menu a,
.c1 .menu button {
  border-bottom: 1px solid #353535;
}

.c0 .bar {
  -webkit-align-items: stretch;
  -webkit-box-align: stretch;
  -ms-flex-align: stretch;
  align-items: stretch;
  border-bottom: 0.625em solid #353535;
  display: grid;
  grid-template-columns: auto 1fr;
  -webkit-box-pack: justify;
  -webkit-justify-content: space-between;
  -ms-flex-pack: justify;
  justify-content: space-between;
}

.c0 .bar h1 {
  font-size: 4em;
  margin-left: 0.5em;
  position: relative;
}

.c0 .bar h1 a {
  padding: 0.125em 0.25em;
  -webkit-text-decoration: none;
  text-decoration: none;
}

.c0 .sub-bar {
  display: grid;
  grid-template-columns: 1fr auto;
  border-bottom: 1px solid #353535;
}

@media screen and (min-width:55em) {
  .c1 .menu-button {
    display: none;
  }

  .c1 .menu {
    max-height: none;
  }

  .c1 .menu ul {
    border: 0;
    margin: 0 0 0 -0.25em;
  }

  .c1 .menu li {
    display: inline-block;
    margin: 0 0.25em;
  }

  .c1 .menu a {
    border: 0;
  }
}

@media (max-width:1300px) {
  .c0 .bar h1 {
    margin: 0;
    text-align: center;
  }
}

@media (max-width:1300px) {
  .c0 .bar {
    grid-template-columns: 1fr;
    -webkit-box-pack: center;
    -webkit-justify-content: center;
    -ms-flex-pack: center;
    justify-content: center;
  }
}

<header
  className="c0"
>
  <div
    className="bar"
  >
    <h1>
      <a
        href="/"
      >
        RPJournal
      </a>
    </h1>
  </div>
  <div
    className="sub-bar"
  >
    <nav
      className="c1"
    >
      <button
        className="menu-button"
        onClick={[Function]}
      >
        <span>
          Menu
        </span>
      </button>
      <div
        className="menu"
        onClick={[Function]}
      >
        <ul>
          <li>
            <a
              href="/"
            >
              Home
            </a>
          </li>
          <li>
            <a
              href="/about"
            >
              About
            </a>
          </li>
          <li>
            <a
              href="/journal"
            >
              Journal
            </a>
          </li>
        </ul>
      </div>
    </nav>
  </div>
</header>
`;
